// Jest Snapshot v1, https://goo.gl/fbAQLP

exports[`Testing CategoriesSlice reducers Should match the snapshot 1`] = `
Array [
  <nav
    className="navbarTop"
  >
    <div
      className="contentnavbarTop"
    >
      <a
        aria-current="page"
        className="iconBox active"
        href="/"
        onClick={[Function]}
      >
        <img
          alt="goBack"
          src="backward-step-svgrepo-com.svg"
        />
        <p
          className="yearNavbar"
        >
          2023
           
        </p>
      </a>
      <p
        className="titleNavbar"
      >
        New York Times Best Sellers Books
      </p>
      <div
        className="iconBox"
      >
        <img
          alt="mic"
          src="mic-svgrepo-com.svg"
        />
      </div>
      <div
        className="iconBox"
      >
        <img
          alt="config"
          src="gear-svgrepo-com.svg"
        />
      </div>
    </div>
  </nav>,
  <section
    className="navbarBottom"
  >
    <div
      className="catImgContainer"
    >
      <img
        alt="catImg"
        src="library-svgrepo-com.svg"
      />
    </div>
    <div
      className="titleCountBox"
    >
      <h1
        className="titleCategories"
      >
        BEST SELLERS
      </h1>
      <p
        className="counterNavbar"
      >
        3
         
        Items
      </p>
    </div>
  </section>,
  <section
    className="iconBox"
  >
    <input
      className="inputSearch"
      onChange={[Function]}
      placeholder="Search by Category"
      type="text"
    />
    <img
      alt="findIcon"
      src="search-svgrepo-com.svg"
    />
  </section>,
  <p>
    BOOKS BY CATEGORY
  </p>,
  <section
    className="CategoriesBox"
  >
    <a
      className="categorieLink"
      href="/details/combined-print-and-e-book-fiction"
      onClick={[Function]}
    >
      <section
        className="categorieBox"
        data-testid="categorieBox"
        id="combined-print-and-e-book-fiction"
      >
        <div
          className="categorieImageBox"
        >
          <img
            alt="Categorie Icon"
            src="category-svgrepo-com.svg"
          />
          <div
            className="arrowCircleBox"
          >
            <img
              alt="arrow Circle"
              src="arrow-right-circle-svgrepo-com.svg"
            />
          </div>
        </div>
        <div
          className="CatNameBox"
        >
          <h2
            className="catName"
          >
            Combined Print & E-Book Fiction
          </h2>
          <p
            className="publishDate"
          >
            Published date:
             
            2023-03-19
          </p>
        </div>
      </section>
    </a>
    <a
      className="categorieLink"
      href="/details/combined-print-and-e-book-nonfiction"
      onClick={[Function]}
    >
      <section
        className="categorieBox"
        data-testid="categorieBox"
        id="combined-print-and-e-book-nonfiction"
      >
        <div
          className="categorieImageBox"
        >
          <img
            alt="Categorie Icon"
            src="category-svgrepo-com.svg"
          />
          <div
            className="arrowCircleBox"
          >
            <img
              alt="arrow Circle"
              src="arrow-right-circle-svgrepo-com.svg"
            />
          </div>
        </div>
        <div
          className="CatNameBox"
        >
          <h2
            className="catName"
          >
            Combined Print & E-Book Nonfiction
          </h2>
          <p
            className="publishDate"
          >
            Published date:
             
            2023-03-19
          </p>
        </div>
      </section>
    </a>
    <a
      className="categorieLink"
      href="/details/hardcover-fiction"
      onClick={[Function]}
    >
      <section
        className="categorieBox"
        data-testid="categorieBox"
        id="hardcover-fiction"
      >
        <div
          className="categorieImageBox"
        >
          <img
            alt="Categorie Icon"
            src="category-svgrepo-com.svg"
          />
          <div
            className="arrowCircleBox"
          >
            <img
              alt="arrow Circle"
              src="arrow-right-circle-svgrepo-com.svg"
            />
          </div>
        </div>
        <div
          className="CatNameBox"
        >
          <h2
            className="catName"
          >
            Hardcover Fiction
          </h2>
          <p
            className="publishDate"
          >
            Published date:
             
            2023-03-19
          </p>
        </div>
      </section>
    </a>
  </section>,
]
`;
